<5>Linux version 2.6.25-00350-g40fff9a (android-build@apa27.mtv.corp.google.com) (gcc version 4.2.1) #1 Wed Jul 23 18:10:44 PDT 2008
<4>CPU: ARM926EJ-S [41069265] revision 5 (ARMv5TEJ), cr=00003137
<4>Machine: Goldfish
<4>Memory policy: ECC disabled, Data cache writeback
<7>On node 0 totalpages: 24576
<7>  DMA zone: 192 pages used for memmap
<7>  DMA zone: 0 pages reserved
<7>  DMA zone: 24384 pages, LIFO batch:3
<7>  Normal zone: 0 pages used for memmap
<7>  Movable zone: 0 pages used for memmap
<4>CPU0: D VIVT write-through cache
<4>CPU0: I cache: 4096 bytes, associativity 4, 32 byte lines, 32 sets
<4>CPU0: D cache: 65536 bytes, associativity 4, 32 byte lines, 512 sets
<4>Built 1 zonelists in Zone order, mobility grouping on.  Total pages: 24384
<5>Kernel command line: qemu=1 console=ttyS0 android.checkjni=1 android.qemud=ttyS1 android.ndns=4
<3>Unknown boot option `android.checkjni=1': ignoring
<3>Unknown boot option `android.qemud=ttyS1': ignoring
<3>Unknown boot option `android.ndns=4': ignoring
<4>PID hash table entries: 512 (order: 9, 2048 bytes)
<4>Console: colour dummy device 80x30
<6>Dentry cache hash table entries: 16384 (order: 4, 65536 bytes)
<6>Inode-cache hash table entries: 8192 (order: 3, 32768 bytes)
<6>Memory: 96MB = 96MB total
<5>Memory: 94268KB available (2380K code, 445K data, 100K init)
<7>Calibrating delay loop... 527.56 BogoMIPS (lpj=2637824)
<4>Mount-cache hash table entries: 512
<6>CPU: Testing write buffer coherency: ok
<6>net_namespace: 152 bytes
<4>android_power_init
<4>android_power_init done
<6>NET: Registered protocol family 16
<7>Switched to high resolution mode on CPU 0
<6>NET: Registered protocol family 2
<6>IP route cache hash table entries: 1024 (order: 0, 4096 bytes)
<6>TCP established hash table entries: 4096 (order: 3, 32768 bytes)
<6>TCP bind hash table entries: 4096 (order: 2, 16384 bytes)
<6>TCP: Hash tables configured (established 4096 bind 4096)
<6>TCP reno registered
<6>checking if image is initramfs... it is
<6>Freeing initrd memory: 133K
<4>goldfish_new_pdev goldfish_interrupt_controller at ff000000 irq -1
<4>goldfish_new_pdev goldfish_device_bus at ff001000 irq 1
<4>goldfish_new_pdev goldfish_timer at ff003000 irq 3
<4>goldfish_new_pdev goldfish_rtc at ff010000 irq 10
<4>goldfish_new_pdev goldfish_tty at ff002000 irq 4
<4>goldfish_new_pdev goldfish_tty at ff011000 irq 11
<4>goldfish_new_pdev smc91x at ff012000 irq 12
<4>goldfish_new_pdev goldfish_fb at ff013000 irq 13
<4>goldfish_new_pdev goldfish_mmc at ff005000 irq 14
<4>goldfish_new_pdev goldfish_memlog at ff006000 irq -1
<4>goldfish_new_pdev goldfish-battery at ff014000 irq 15
<4>goldfish_new_pdev goldfish_events at ff015000 irq 16
<4>goldfish_new_pdev goldfish_nand at ff016000 irq -1
<4>goldfish_new_pdev goldfish-switch at ff017000 irq 17
<4>goldfish_new_pdev goldfish-switch at ff018000 irq 18
<4>goldfish_pdev_worker registered goldfish-switch
<4>goldfish_pdev_worker registered goldfish-switch
<4>goldfish_pdev_worker registered goldfish_nand
<4>goldfish_pdev_worker registered goldfish_events
<4>goldfish_pdev_worker registered goldfish-battery
<4>goldfish_pdev_worker registered goldfish_memlog
<4>goldfish_pdev_worker registered goldfish_mmc
<4>goldfish_pdev_worker registered goldfish_fb
<4>goldfish_pdev_worker registered smc91x
<4>goldfish_pdev_worker registered goldfish_tty
<4>goldfish_pdev_worker registered goldfish_tty
<4>goldfish_pdev_worker registered goldfish_rtc
<4>goldfish_pdev_worker registered goldfish_timer
<4>goldfish_pdev_worker registered goldfish_device_bus
<4>goldfish_pdev_worker registered goldfish_interrupt_controller
<6>ashmem: initialized
<6>Installing knfsd (copyright (C) 1996 okir@monad.swb.de).
<4>yaffs Jul 23 2008 18:10:35 Installing. 
<6>io scheduler noop registered
<6>io scheduler anticipatory registered (default)
<6>io scheduler deadline registered
<6>io scheduler cfq registered
<4>allocating frame buffer 320 * 480, got ffc00000
<4>Console: switching to colour frame buffer device 40x30
<6>console [ttyS0] enabled
<6>brd: module loaded
<6>loop: module loaded
<6>nbd: registered device at major 43
<4>smc91x.c: v1.1, sep 22 2004 by Nicolas Pitre <nico@cam.org>
<4>No IRQF_TRIGGER set_type function for IRQ 12 (goldfish)
<4>eth0: SMC91C11xFD (rev 1) at c6800000 IRQ 12 [nowait]
<4>eth0: Ethernet addr: 52:54:00:12:34:56
<7>eth0: No PHY found
<4>goldfish nand dev0: size 4000000, page 2048, extra 64, erase 131072
<4>goldfish nand dev1: size 4000000, page 2048, extra 64, erase 131072
<4>goldfish nand dev2: size 4000000, page 2048, extra 64, erase 131072
<6>mice: PS/2 mouse device common for all mice
<4>*** events probe ***
<4>events_probe() addr=0xc6804000 irq=16
<4>events_probe() keymap=qwerty2
<6>input: qwerty2 as /class/input/input0
<6>goldfish_rtc goldfish_rtc: rtc core: registered goldfish_rtc as rtc0
<6>logger: created 64K log 'log_main'
<6>logger: created 64K log 'log_events'
<6>logger: created 64K log 'log_radio'
<6>IPv4 over IPv4 tunneling driver
<6>GRE over IPv4 tunneling driver
<6>TCP cubic registered
<6>NET: Registered protocol family 1
<6>NET: Registered protocol family 17
<6>mmc0: new SD card at address e118
<6>mmcblk0: mmc0:e118 SU02G 2097152KiB 
<6> mmcblk0:
<6>RPC: Registered udp transport module.
<6>RPC: Registered tcp transport module.
<6>802.1Q VLAN Support v1.8 Ben Greear <greearb@candelatech.com>
<6>All bugs added by David S. Miller <davem@redhat.com>
<6>VFP support v0.3: implementor 41 architecture 1 part 10 variant 9 rev 0
<6>goldfish_rtc goldfish_rtc: setting system clock to 2009-04-30 07:30:44 UTC (1241076644)
<6>Freeing init memory: 100K
<3>init: cannot open '/initlogo.rle'
<6>yaffs: dev is 32505856 name is "mtdblock0"
<6>yaffs: passed flags ""
<4>yaffs: Attempting MTD mount on 31.0, "mtdblock0"
<6>yaffs: dev is 32505857 name is "mtdblock1"
<6>yaffs: passed flags ""
<4>yaffs: Attempting MTD mount on 31.1, "mtdblock1"
<6>yaffs: dev is 32505858 name is "mtdblock2"
<6>yaffs: passed flags ""
<4>yaffs: Attempting MTD mount on 31.2, "mtdblock2"
<6>eth0: link up
<6>warning: `rild' uses 32-bit capabilities (legacy support in use)
<3>init: untracked pid 496 exited
<3>init: untracked pid 576 exited
